14-Oct-2024 23:55:47.436 INFO [main] org.apache.catalina.startup.VersionLoggerListener.log Nombre de la versión del servidor: Apache Tomcat/10.1.30
14-Oct-2024 23:55:47.440 INFO [main] org.apache.catalina.startup.VersionLoggerListener.log Server built:                      Sep 13 2024 20:26:16 UTC
14-Oct-2024 23:55:47.440 INFO [main] org.apache.catalina.startup.VersionLoggerListener.log Número de versión de servidor:     10.1.30.0
14-Oct-2024 23:55:47.440 INFO [main] org.apache.catalina.startup.VersionLoggerListener.log OS Name:                           Windows 10
14-Oct-2024 23:55:47.440 INFO [main] org.apache.catalina.startup.VersionLoggerListener.log Versión de Systema Operativo:      10.0
14-Oct-2024 23:55:47.440 INFO [main] org.apache.catalina.startup.VersionLoggerListener.log Arquitectura:                      amd64
14-Oct-2024 23:55:47.440 INFO [main] org.apache.catalina.startup.VersionLoggerListener.log Java Home:                         C:\Program Files\Java\jdk-22
14-Oct-2024 23:55:47.441 INFO [main] org.apache.catalina.startup.VersionLoggerListener.log JVM Version:                       22.0.2+9-70
14-Oct-2024 23:55:47.441 INFO [main] org.apache.catalina.startup.VersionLoggerListener.log Vededor JVM:                       Oracle Corporation
14-Oct-2024 23:55:47.441 INFO [main] org.apache.catalina.startup.VersionLoggerListener.log CATALINA_BASE:                     C:\Users\eduardo\OneDrive\Documentos\universidad don bosco\POO 404\Desafio03\Desafio_03\apache-tomcat-10.1.30
14-Oct-2024 23:55:47.442 INFO [main] org.apache.catalina.startup.VersionLoggerListener.log CATALINA_HOME:                     C:\Users\eduardo\OneDrive\Documentos\universidad don bosco\POO 404\Desafio03\Desafio_03\apache-tomcat-10.1.30
14-Oct-2024 23:55:47.453 INFO [main] org.apache.catalina.startup.VersionLoggerListener.log Command line argument:             -Djava.util.logging.config.file=C:\Users\eduardo\OneDrive\Documentos\universidad don bosco\POO 404\Desafio03\Desafio_03\apache-tomcat-10.1.30\conf\logging.properties
14-Oct-2024 23:55:47.453 INFO [main] org.apache.catalina.startup.VersionLoggerListener.log Command line argument:             -Djava.util.logging.manager=org.apache.juli.ClassLoaderLogManager
14-Oct-2024 23:55:47.454 INFO [main] org.apache.catalina.startup.VersionLoggerListener.log Command line argument:             -Djdk.tls.ephemeralDHKeySize=2048
14-Oct-2024 23:55:47.454 INFO [main] org.apache.catalina.startup.VersionLoggerListener.log Command line argument:             -Djava.protocol.handler.pkgs=org.apache.catalina.webresources
14-Oct-2024 23:55:47.454 INFO [main] org.apache.catalina.startup.VersionLoggerListener.log Command line argument:             --add-opens=java.base/java.lang=ALL-UNNAMED
14-Oct-2024 23:55:47.455 INFO [main] org.apache.catalina.startup.VersionLoggerListener.log Command line argument:             --add-opens=java.base/java.io=ALL-UNNAMED
14-Oct-2024 23:55:47.455 INFO [main] org.apache.catalina.startup.VersionLoggerListener.log Command line argument:             --add-opens=java.base/java.util=ALL-UNNAMED
14-Oct-2024 23:55:47.455 INFO [main] org.apache.catalina.startup.VersionLoggerListener.log Command line argument:             --add-opens=java.base/java.util.concurrent=ALL-UNNAMED
14-Oct-2024 23:55:47.456 INFO [main] org.apache.catalina.startup.VersionLoggerListener.log Command line argument:             --add-opens=java.rmi/sun.rmi.transport=ALL-UNNAMED
14-Oct-2024 23:55:47.456 INFO [main] org.apache.catalina.startup.VersionLoggerListener.log Command line argument:             -Dcatalina.base=C:\Users\eduardo\OneDrive\Documentos\universidad don bosco\POO 404\Desafio03\Desafio_03\apache-tomcat-10.1.30
14-Oct-2024 23:55:47.456 INFO [main] org.apache.catalina.startup.VersionLoggerListener.log Command line argument:             -Dcatalina.home=C:\Users\eduardo\OneDrive\Documentos\universidad don bosco\POO 404\Desafio03\Desafio_03\apache-tomcat-10.1.30
14-Oct-2024 23:55:47.456 INFO [main] org.apache.catalina.startup.VersionLoggerListener.log Command line argument:             -Djava.io.tmpdir=C:\Users\eduardo\OneDrive\Documentos\universidad don bosco\POO 404\Desafio03\Desafio_03\apache-tomcat-10.1.30\temp
14-Oct-2024 23:55:47.460 INFO [main] org.apache.catalina.core.AprLifecycleListener.lifecycleEvent Cargada la biblioteca nativa APR de Apache Tomcat [2.0.8] con la versión APR [1.7.4].
14-Oct-2024 23:55:47.465 INFO [main] org.apache.catalina.core.AprLifecycleListener.initializeSSL OpenSSL inicializado correctamente [OpenSSL 3.0.14 4 Jun 2024]
14-Oct-2024 23:55:47.701 INFO [main] org.apache.coyote.AbstractProtocol.init Inicializando el manejador de protocolo ["http-nio-8080"]

14-Oct-2024 23:55:47.725 INFO [main] org.apache.catalina.startup.Catalina.load Server initialization in [459] milliseconds
14-Oct-2024 23:55:47.766 INFO [main] org.apache.catalina.core.StandardService.startInternal Arrancando servicio [Catalina]
14-Oct-2024 23:55:47.767 INFO [main] org.apache.catalina.core.StandardEngine.startInternal Starting Servlet engine: [Apache Tomcat/10.1.30]
14-Oct-2024 23:55:47.778 INFO [main] org.apache.catalina.startup.HostConfig.deployDirectory Desplegando el directorio [C:\Users\eduardo\OneDrive\Documentos\universidad don bosco\POO 404\Desafio03\Desafio_03\apache-tomcat-10.1.30\webapps\Desafio02_Poo_war] de la aplicación web
14-Oct-2024 23:55:49.396 INFO [main] org.apache.jasper.servlet.TldScanner.scanJars Al menos un JAR, que se ha explorado buscando TLDs, aún no contenía TLDs. Activar historial de depuración para este historiador para una completa lista de los JARs que fueron explorados y de los que nos se halló TLDs. Saltarse JARs no necesarios durante la exploración puede dar lugar a una mejora de tiempo significativa en el arranque y compilación de JSP .
14-Oct-2024 23:55:49.894 WARNING [main] org.glassfish.jersey.server.wadl.WadlFeature.configure JAXBContext implementation could not be found. WADL feature is disabled.
14-Oct-2024 23:55:50.275 INFO [main] org.jboss.weld.bootstrap.WeldStartup.<clinit> WELD-000900: 6.0.0 (Beta1)
14-Oct-2024 23:55:50.454 INFO [main] org.jboss.weld.environment.deployment.discovery.ReflectionDiscoveryStrategy.processAnnotatedDiscovery WELD-ENV-000014: Falling back to Java Reflection for bean-discovery-mode="annotated" discovery. Add org.jboss:jandex to the classpath to speed-up startup.
14-Oct-2024 23:55:50.629 INFO [main] org.jboss.weld.bootstrap.WeldStartup.startContainer WELD-000101: Transactional services not available. Injection of @Inject UserTransaction not available. Transactional observers will be invoked synchronously.
14-Oct-2024 23:55:51.386 INFO [main] org.jboss.weld.environment.se.WeldContainer.fireContainerInitializedEvent WELD-ENV-002003: Weld SE container 4fdfd9e6-5579-448f-97f9-e62dbab751f4 initialized
14-Oct-2024 23:55:51.581 INFO [main] org.apache.catalina.startup.HostConfig.deployDirectory Deployment of web application directory [C:\Users\eduardo\OneDrive\Documentos\universidad don bosco\POO 404\Desafio03\Desafio_03\apache-tomcat-10.1.30\webapps\Desafio02_Poo_war] has finished in [3.802] ms
14-Oct-2024 23:55:51.581 INFO [main] org.apache.catalina.startup.HostConfig.deployDirectory Desplegando el directorio [C:\Users\eduardo\OneDrive\Documentos\universidad don bosco\POO 404\Desafio03\Desafio_03\apache-tomcat-10.1.30\webapps\Desafio_02_war] de la aplicación web
14-Oct-2024 23:55:52.027 INFO [main] org.apache.jasper.servlet.TldScanner.scanJars Al menos un JAR, que se ha explorado buscando TLDs, aún no contenía TLDs. Activar historial de depuración para este historiador para una completa lista de los JARs que fueron explorados y de los que nos se halló TLDs. Saltarse JARs no necesarios durante la exploración puede dar lugar a una mejora de tiempo significativa en el arranque y compilación de JSP .
14-Oct-2024 23:55:52.030 INFO [main] org.apache.catalina.startup.HostConfig.deployDirectory Deployment of web application directory [C:\Users\eduardo\OneDrive\Documentos\universidad don bosco\POO 404\Desafio03\Desafio_03\apache-tomcat-10.1.30\webapps\Desafio_02_war] has finished in [449] ms
14-Oct-2024 23:55:52.031 INFO [main] org.apache.catalina.startup.HostConfig.deployDirectory Desplegando el directorio [C:\Users\eduardo\OneDrive\Documentos\universidad don bosco\POO 404\Desafio03\Desafio_03\apache-tomcat-10.1.30\webapps\docs] de la aplicación web
14-Oct-2024 23:55:52.073 INFO [main] org.apache.catalina.startup.HostConfig.deployDirectory Deployment of web application directory [C:\Users\eduardo\OneDrive\Documentos\universidad don bosco\POO 404\Desafio03\Desafio_03\apache-tomcat-10.1.30\webapps\docs] has finished in [41] ms
14-Oct-2024 23:55:52.073 INFO [main] org.apache.catalina.startup.HostConfig.deployDirectory Desplegando el directorio [C:\Users\eduardo\OneDrive\Documentos\universidad don bosco\POO 404\Desafio03\Desafio_03\apache-tomcat-10.1.30\webapps\examples] de la aplicación web
14-Oct-2024 23:55:52.531 INFO [main] org.apache.catalina.startup.HostConfig.deployDirectory Deployment of web application directory [C:\Users\eduardo\OneDrive\Documentos\universidad don bosco\POO 404\Desafio03\Desafio_03\apache-tomcat-10.1.30\webapps\examples] has finished in [458] ms
14-Oct-2024 23:55:52.531 INFO [main] org.apache.catalina.startup.HostConfig.deployDirectory Desplegando el directorio [C:\Users\eduardo\OneDrive\Documentos\universidad don bosco\POO 404\Desafio03\Desafio_03\apache-tomcat-10.1.30\webapps\host-manager] de la aplicación web
14-Oct-2024 23:55:52.578 INFO [main] org.apache.catalina.startup.HostConfig.deployDirectory Deployment of web application directory [C:\Users\eduardo\OneDrive\Documentos\universidad don bosco\POO 404\Desafio03\Desafio_03\apache-tomcat-10.1.30\webapps\host-manager] has finished in [47] ms
14-Oct-2024 23:55:52.578 INFO [main] org.apache.catalina.startup.HostConfig.deployDirectory Desplegando el directorio [C:\Users\eduardo\OneDrive\Documentos\universidad don bosco\POO 404\Desafio03\Desafio_03\apache-tomcat-10.1.30\webapps\manager] de la aplicación web
14-Oct-2024 23:55:52.621 INFO [main] org.apache.catalina.startup.HostConfig.deployDirectory Deployment of web application directory [C:\Users\eduardo\OneDrive\Documentos\universidad don bosco\POO 404\Desafio03\Desafio_03\apache-tomcat-10.1.30\webapps\manager] has finished in [43] ms
14-Oct-2024 23:55:52.621 INFO [main] org.apache.catalina.startup.HostConfig.deployDirectory Desplegando el directorio [C:\Users\eduardo\OneDrive\Documentos\universidad don bosco\POO 404\Desafio03\Desafio_03\apache-tomcat-10.1.30\webapps\ROOT] de la aplicación web
14-Oct-2024 23:55:53.370 INFO [main] org.apache.jasper.servlet.TldScanner.scanJars Al menos un JAR, que se ha explorado buscando TLDs, aún no contenía TLDs. Activar historial de depuración para este historiador para una completa lista de los JARs que fueron explorados y de los que nos se halló TLDs. Saltarse JARs no necesarios durante la exploración puede dar lugar a una mejora de tiempo significativa en el arranque y compilación de JSP .
14-Oct-2024 23:55:53.396 INFO [main] org.apache.catalina.startup.HostConfig.deployDirectory Deployment of web application directory [C:\Users\eduardo\OneDrive\Documentos\universidad don bosco\POO 404\Desafio03\Desafio_03\apache-tomcat-10.1.30\webapps\ROOT] has finished in [775] ms
14-Oct-2024 23:55:53.400 INFO [main] org.apache.coyote.AbstractProtocol.start Starting ProtocolHandler ["http-nio-8080"]
14-Oct-2024 23:55:53.420 INFO [main] org.apache.catalina.startup.Catalina.start Server startup in [5693] milliseconds
14-Oct-2024 23:59:55.445 INFO [main] org.apache.catalina.startup.VersionLoggerListener.log Nombre de la versión del servidor: Apache Tomcat/10.1.30
14-Oct-2024 23:59:55.448 INFO [main] org.apache.catalina.startup.VersionLoggerListener.log Server built:                      Sep 13 2024 20:26:16 UTC
14-Oct-2024 23:59:55.448 INFO [main] org.apache.catalina.startup.VersionLoggerListener.log Número de versión de servidor:     10.1.30.0
14-Oct-2024 23:59:55.448 INFO [main] org.apache.catalina.startup.VersionLoggerListener.log OS Name:                           Windows 10
14-Oct-2024 23:59:55.448 INFO [main] org.apache.catalina.startup.VersionLoggerListener.log Versión de Systema Operativo:      10.0
14-Oct-2024 23:59:55.449 INFO [main] org.apache.catalina.startup.VersionLoggerListener.log Arquitectura:                      amd64
14-Oct-2024 23:59:55.449 INFO [main] org.apache.catalina.startup.VersionLoggerListener.log Java Home:                         C:\Program Files\Java\jdk-22
14-Oct-2024 23:59:55.449 INFO [main] org.apache.catalina.startup.VersionLoggerListener.log JVM Version:                       22.0.2+9-70
14-Oct-2024 23:59:55.450 INFO [main] org.apache.catalina.startup.VersionLoggerListener.log Vededor JVM:                       Oracle Corporation
14-Oct-2024 23:59:55.450 INFO [main] org.apache.catalina.startup.VersionLoggerListener.log CATALINA_BASE:                     C:\Users\eduardo\OneDrive\Documentos\universidad don bosco\POO 404\Desafio03\Desafio_03\apache-tomcat-10.1.30
14-Oct-2024 23:59:55.450 INFO [main] org.apache.catalina.startup.VersionLoggerListener.log CATALINA_HOME:                     C:\Users\eduardo\OneDrive\Documentos\universidad don bosco\POO 404\Desafio03\Desafio_03\apache-tomcat-10.1.30
14-Oct-2024 23:59:55.457 INFO [main] org.apache.catalina.startup.VersionLoggerListener.log Command line argument:             -Djava.util.logging.config.file=C:\Users\eduardo\OneDrive\Documentos\universidad don bosco\POO 404\Desafio03\Desafio_03\apache-tomcat-10.1.30\conf\logging.properties
14-Oct-2024 23:59:55.457 INFO [main] org.apache.catalina.startup.VersionLoggerListener.log Command line argument:             -Djava.util.logging.manager=org.apache.juli.ClassLoaderLogManager
14-Oct-2024 23:59:55.457 INFO [main] org.apache.catalina.startup.VersionLoggerListener.log Command line argument:             -Djdk.tls.ephemeralDHKeySize=2048
14-Oct-2024 23:59:55.457 INFO [main] org.apache.catalina.startup.VersionLoggerListener.log Command line argument:             -Djava.protocol.handler.pkgs=org.apache.catalina.webresources
14-Oct-2024 23:59:55.458 INFO [main] org.apache.catalina.startup.VersionLoggerListener.log Command line argument:             --add-opens=java.base/java.lang=ALL-UNNAMED
14-Oct-2024 23:59:55.458 INFO [main] org.apache.catalina.startup.VersionLoggerListener.log Command line argument:             --add-opens=java.base/java.io=ALL-UNNAMED
14-Oct-2024 23:59:55.458 INFO [main] org.apache.catalina.startup.VersionLoggerListener.log Command line argument:             --add-opens=java.base/java.util=ALL-UNNAMED
14-Oct-2024 23:59:55.459 INFO [main] org.apache.catalina.startup.VersionLoggerListener.log Command line argument:             --add-opens=java.base/java.util.concurrent=ALL-UNNAMED
14-Oct-2024 23:59:55.459 INFO [main] org.apache.catalina.startup.VersionLoggerListener.log Command line argument:             --add-opens=java.rmi/sun.rmi.transport=ALL-UNNAMED
14-Oct-2024 23:59:55.459 INFO [main] org.apache.catalina.startup.VersionLoggerListener.log Command line argument:             -Dcatalina.base=C:\Users\eduardo\OneDrive\Documentos\universidad don bosco\POO 404\Desafio03\Desafio_03\apache-tomcat-10.1.30
14-Oct-2024 23:59:55.460 INFO [main] org.apache.catalina.startup.VersionLoggerListener.log Command line argument:             -Dcatalina.home=C:\Users\eduardo\OneDrive\Documentos\universidad don bosco\POO 404\Desafio03\Desafio_03\apache-tomcat-10.1.30
14-Oct-2024 23:59:55.460 INFO [main] org.apache.catalina.startup.VersionLoggerListener.log Command line argument:             -Djava.io.tmpdir=C:\Users\eduardo\OneDrive\Documentos\universidad don bosco\POO 404\Desafio03\Desafio_03\apache-tomcat-10.1.30\temp
14-Oct-2024 23:59:55.462 INFO [main] org.apache.catalina.core.AprLifecycleListener.lifecycleEvent Cargada la biblioteca nativa APR de Apache Tomcat [2.0.8] con la versión APR [1.7.4].
14-Oct-2024 23:59:55.466 INFO [main] org.apache.catalina.core.AprLifecycleListener.initializeSSL OpenSSL inicializado correctamente [OpenSSL 3.0.14 4 Jun 2024]
14-Oct-2024 23:59:55.681 INFO [main] org.apache.coyote.AbstractProtocol.init Inicializando el manejador de protocolo ["http-nio-8080"]

14-Oct-2024 23:59:55.701 INFO [main] org.apache.catalina.startup.Catalina.load Server initialization in [404] milliseconds
14-Oct-2024 23:59:55.739 INFO [main] org.apache.catalina.core.StandardService.startInternal Arrancando servicio [Catalina]
14-Oct-2024 23:59:55.739 INFO [main] org.apache.catalina.core.StandardEngine.startInternal Starting Servlet engine: [Apache Tomcat/10.1.30]
14-Oct-2024 23:59:55.750 INFO [main] org.apache.catalina.startup.HostConfig.deployDirectory Desplegando el directorio [C:\Users\eduardo\OneDrive\Documentos\universidad don bosco\POO 404\Desafio03\Desafio_03\apache-tomcat-10.1.30\webapps\Desafio02_Poo_war] de la aplicación web
14-Oct-2024 23:59:57.376 INFO [main] org.apache.jasper.servlet.TldScanner.scanJars Al menos un JAR, que se ha explorado buscando TLDs, aún no contenía TLDs. Activar historial de depuración para este historiador para una completa lista de los JARs que fueron explorados y de los que nos se halló TLDs. Saltarse JARs no necesarios durante la exploración puede dar lugar a una mejora de tiempo significativa en el arranque y compilación de JSP .
14-Oct-2024 23:59:57.887 WARNING [main] org.glassfish.jersey.server.wadl.WadlFeature.configure JAXBContext implementation could not be found. WADL feature is disabled.
14-Oct-2024 23:59:58.254 INFO [main] org.jboss.weld.bootstrap.WeldStartup.<clinit> WELD-000900: 6.0.0 (Beta1)
14-Oct-2024 23:59:58.416 INFO [main] org.jboss.weld.environment.deployment.discovery.ReflectionDiscoveryStrategy.processAnnotatedDiscovery WELD-ENV-000014: Falling back to Java Reflection for bean-discovery-mode="annotated" discovery. Add org.jboss:jandex to the classpath to speed-up startup.
14-Oct-2024 23:59:58.594 INFO [main] org.jboss.weld.bootstrap.WeldStartup.startContainer WELD-000101: Transactional services not available. Injection of @Inject UserTransaction not available. Transactional observers will be invoked synchronously.
14-Oct-2024 23:59:59.377 INFO [main] org.jboss.weld.environment.se.WeldContainer.fireContainerInitializedEvent WELD-ENV-002003: Weld SE container bbe6ca64-ca13-4ecb-a768-d705dbcd4ab0 initialized
14-Oct-2024 23:59:59.604 INFO [main] org.apache.catalina.startup.HostConfig.deployDirectory Deployment of web application directory [C:\Users\eduardo\OneDrive\Documentos\universidad don bosco\POO 404\Desafio03\Desafio_03\apache-tomcat-10.1.30\webapps\Desafio02_Poo_war] has finished in [3.854] ms
14-Oct-2024 23:59:59.604 INFO [main] org.apache.catalina.startup.HostConfig.deployDirectory Desplegando el directorio [C:\Users\eduardo\OneDrive\Documentos\universidad don bosco\POO 404\Desafio03\Desafio_03\apache-tomcat-10.1.30\webapps\Desafio_02_war] de la aplicación web
