15-Oct-2024 00:00:00.062 INFO [main] org.apache.jasper.servlet.TldScanner.scanJars Al menos un JAR, que se ha explorado buscando TLDs, aún no contenía TLDs. Activar historial de depuración para este historiador para una completa lista de los JARs que fueron explorados y de los que nos se halló TLDs. Saltarse JARs no necesarios durante la exploración puede dar lugar a una mejora de tiempo significativa en el arranque y compilación de JSP .
15-Oct-2024 00:00:00.066 INFO [main] org.apache.catalina.startup.HostConfig.deployDirectory Deployment of web application directory [C:\Users\eduardo\OneDrive\Documentos\universidad don bosco\POO 404\Desafio03\Desafio_03\apache-tomcat-10.1.30\webapps\Desafio_02_war] has finished in [462] ms
15-Oct-2024 00:00:00.067 INFO [main] org.apache.catalina.startup.HostConfig.deployDirectory Desplegando el directorio [C:\Users\eduardo\OneDrive\Documentos\universidad don bosco\POO 404\Desafio03\Desafio_03\apache-tomcat-10.1.30\webapps\docs] de la aplicación web
15-Oct-2024 00:00:00.102 INFO [main] org.apache.catalina.startup.HostConfig.deployDirectory Deployment of web application directory [C:\Users\eduardo\OneDrive\Documentos\universidad don bosco\POO 404\Desafio03\Desafio_03\apache-tomcat-10.1.30\webapps\docs] has finished in [35] ms
15-Oct-2024 00:00:00.102 INFO [main] org.apache.catalina.startup.HostConfig.deployDirectory Desplegando el directorio [C:\Users\eduardo\OneDrive\Documentos\universidad don bosco\POO 404\Desafio03\Desafio_03\apache-tomcat-10.1.30\webapps\examples] de la aplicación web
15-Oct-2024 00:00:00.545 INFO [main] org.apache.catalina.startup.HostConfig.deployDirectory Deployment of web application directory [C:\Users\eduardo\OneDrive\Documentos\universidad don bosco\POO 404\Desafio03\Desafio_03\apache-tomcat-10.1.30\webapps\examples] has finished in [443] ms
15-Oct-2024 00:00:00.545 INFO [main] org.apache.catalina.startup.HostConfig.deployDirectory Desplegando el directorio [C:\Users\eduardo\OneDrive\Documentos\universidad don bosco\POO 404\Desafio03\Desafio_03\apache-tomcat-10.1.30\webapps\host-manager] de la aplicación web
15-Oct-2024 00:00:00.592 INFO [main] org.apache.catalina.startup.HostConfig.deployDirectory Deployment of web application directory [C:\Users\eduardo\OneDrive\Documentos\universidad don bosco\POO 404\Desafio03\Desafio_03\apache-tomcat-10.1.30\webapps\host-manager] has finished in [47] ms
15-Oct-2024 00:00:00.593 INFO [main] org.apache.catalina.startup.HostConfig.deployDirectory Desplegando el directorio [C:\Users\eduardo\OneDrive\Documentos\universidad don bosco\POO 404\Desafio03\Desafio_03\apache-tomcat-10.1.30\webapps\manager] de la aplicación web
15-Oct-2024 00:00:00.640 INFO [main] org.apache.catalina.startup.HostConfig.deployDirectory Deployment of web application directory [C:\Users\eduardo\OneDrive\Documentos\universidad don bosco\POO 404\Desafio03\Desafio_03\apache-tomcat-10.1.30\webapps\manager] has finished in [47] ms
15-Oct-2024 00:00:00.641 INFO [main] org.apache.catalina.startup.HostConfig.deployDirectory Desplegando el directorio [C:\Users\eduardo\OneDrive\Documentos\universidad don bosco\POO 404\Desafio03\Desafio_03\apache-tomcat-10.1.30\webapps\ROOT] de la aplicación web
15-Oct-2024 00:00:01.368 INFO [main] org.apache.jasper.servlet.TldScanner.scanJars Al menos un JAR, que se ha explorado buscando TLDs, aún no contenía TLDs. Activar historial de depuración para este historiador para una completa lista de los JARs que fueron explorados y de los que nos se halló TLDs. Saltarse JARs no necesarios durante la exploración puede dar lugar a una mejora de tiempo significativa en el arranque y compilación de JSP .
15-Oct-2024 00:00:01.392 INFO [main] org.apache.catalina.startup.HostConfig.deployDirectory Deployment of web application directory [C:\Users\eduardo\OneDrive\Documentos\universidad don bosco\POO 404\Desafio03\Desafio_03\apache-tomcat-10.1.30\webapps\ROOT] has finished in [751] ms
15-Oct-2024 00:00:01.397 INFO [main] org.apache.coyote.AbstractProtocol.start Starting ProtocolHandler ["http-nio-8080"]
15-Oct-2024 00:00:01.413 INFO [main] org.apache.catalina.startup.Catalina.start Server startup in [5710] milliseconds
15-Oct-2024 00:00:14.505 WARNING [main] org.apache.catalina.core.StandardServer.await Invalid shutdown command [] received
15-Oct-2024 00:02:55.094 WARNING [main] org.apache.catalina.core.StandardServer.await Invalid shutdown command [] received
15-Oct-2024 00:03:01.683 WARNING [main] org.apache.catalina.core.StandardServer.await Invalid shutdown command [] received
15-Oct-2024 00:03:23.823 WARNING [main] org.apache.catalina.core.StandardServer.await Invalid shutdown command [] received
15-Oct-2024 00:03:35.328 WARNING [main] org.apache.catalina.core.StandardServer.await Invalid shutdown command [] received
15-Oct-2024 00:03:48.558 WARNING [main] org.apache.catalina.core.StandardServer.await Invalid shutdown command [] received
15-Oct-2024 00:04:13.228 WARNING [main] org.apache.catalina.core.StandardServer.await Invalid shutdown command [] received
15-Oct-2024 00:05:00.432 INFO [main] org.apache.catalina.startup.VersionLoggerListener.log Nombre de la versión del servidor: Apache Tomcat/10.1.30
15-Oct-2024 00:05:00.435 INFO [main] org.apache.catalina.startup.VersionLoggerListener.log Server built:                      Sep 13 2024 20:26:16 UTC
15-Oct-2024 00:05:00.435 INFO [main] org.apache.catalina.startup.VersionLoggerListener.log Número de versión de servidor:     10.1.30.0
15-Oct-2024 00:05:00.435 INFO [main] org.apache.catalina.startup.VersionLoggerListener.log OS Name:                           Windows 10
15-Oct-2024 00:05:00.435 INFO [main] org.apache.catalina.startup.VersionLoggerListener.log Versión de Systema Operativo:      10.0
15-Oct-2024 00:05:00.435 INFO [main] org.apache.catalina.startup.VersionLoggerListener.log Arquitectura:                      amd64
15-Oct-2024 00:05:00.435 INFO [main] org.apache.catalina.startup.VersionLoggerListener.log Java Home:                         C:\Program Files\Java\jdk-22
15-Oct-2024 00:05:00.436 INFO [main] org.apache.catalina.startup.VersionLoggerListener.log JVM Version:                       22.0.2+9-70
15-Oct-2024 00:05:00.436 INFO [main] org.apache.catalina.startup.VersionLoggerListener.log Vededor JVM:                       Oracle Corporation
15-Oct-2024 00:05:00.436 INFO [main] org.apache.catalina.startup.VersionLoggerListener.log CATALINA_BASE:                     C:\Users\eduardo\OneDrive\Documentos\universidad don bosco\POO 404\Desafio03\Desafio_03\apache-tomcat-10.1.30
15-Oct-2024 00:05:00.437 INFO [main] org.apache.catalina.startup.VersionLoggerListener.log CATALINA_HOME:                     C:\Users\eduardo\OneDrive\Documentos\universidad don bosco\POO 404\Desafio03\Desafio_03\apache-tomcat-10.1.30
15-Oct-2024 00:05:00.444 INFO [main] org.apache.catalina.startup.VersionLoggerListener.log Command line argument:             -Djava.util.logging.config.file=C:\Users\eduardo\OneDrive\Documentos\universidad don bosco\POO 404\Desafio03\Desafio_03\apache-tomcat-10.1.30\conf\logging.properties
15-Oct-2024 00:05:00.444 INFO [main] org.apache.catalina.startup.VersionLoggerListener.log Command line argument:             -Djava.util.logging.manager=org.apache.juli.ClassLoaderLogManager
15-Oct-2024 00:05:00.444 INFO [main] org.apache.catalina.startup.VersionLoggerListener.log Command line argument:             -Djdk.tls.ephemeralDHKeySize=2048
15-Oct-2024 00:05:00.444 INFO [main] org.apache.catalina.startup.VersionLoggerListener.log Command line argument:             -Djava.protocol.handler.pkgs=org.apache.catalina.webresources
15-Oct-2024 00:05:00.445 INFO [main] org.apache.catalina.startup.VersionLoggerListener.log Command line argument:             --add-opens=java.base/java.lang=ALL-UNNAMED
15-Oct-2024 00:05:00.445 INFO [main] org.apache.catalina.startup.VersionLoggerListener.log Command line argument:             --add-opens=java.base/java.io=ALL-UNNAMED
15-Oct-2024 00:05:00.445 INFO [main] org.apache.catalina.startup.VersionLoggerListener.log Command line argument:             --add-opens=java.base/java.util=ALL-UNNAMED
15-Oct-2024 00:05:00.446 INFO [main] org.apache.catalina.startup.VersionLoggerListener.log Command line argument:             --add-opens=java.base/java.util.concurrent=ALL-UNNAMED
15-Oct-2024 00:05:00.446 INFO [main] org.apache.catalina.startup.VersionLoggerListener.log Command line argument:             --add-opens=java.rmi/sun.rmi.transport=ALL-UNNAMED
15-Oct-2024 00:05:00.446 INFO [main] org.apache.catalina.startup.VersionLoggerListener.log Command line argument:             -Dcatalina.base=C:\Users\eduardo\OneDrive\Documentos\universidad don bosco\POO 404\Desafio03\Desafio_03\apache-tomcat-10.1.30
15-Oct-2024 00:05:00.446 INFO [main] org.apache.catalina.startup.VersionLoggerListener.log Command line argument:             -Dcatalina.home=C:\Users\eduardo\OneDrive\Documentos\universidad don bosco\POO 404\Desafio03\Desafio_03\apache-tomcat-10.1.30
15-Oct-2024 00:05:00.447 INFO [main] org.apache.catalina.startup.VersionLoggerListener.log Command line argument:             -Djava.io.tmpdir=C:\Users\eduardo\OneDrive\Documentos\universidad don bosco\POO 404\Desafio03\Desafio_03\apache-tomcat-10.1.30\temp
15-Oct-2024 00:05:00.449 INFO [main] org.apache.catalina.core.AprLifecycleListener.lifecycleEvent Cargada la biblioteca nativa APR de Apache Tomcat [2.0.8] con la versión APR [1.7.4].
15-Oct-2024 00:05:00.453 INFO [main] org.apache.catalina.core.AprLifecycleListener.initializeSSL OpenSSL inicializado correctamente [OpenSSL 3.0.14 4 Jun 2024]
15-Oct-2024 00:05:00.647 INFO [main] org.apache.coyote.AbstractProtocol.init Inicializando el manejador de protocolo ["http-nio-8080"]

15-Oct-2024 00:05:00.667 INFO [main] org.apache.catalina.startup.Catalina.load Server initialization in [380] milliseconds
15-Oct-2024 00:05:00.702 INFO [main] org.apache.catalina.core.StandardService.startInternal Arrancando servicio [Catalina]
15-Oct-2024 00:05:00.702 INFO [main] org.apache.catalina.core.StandardEngine.startInternal Starting Servlet engine: [Apache Tomcat/10.1.30]
15-Oct-2024 00:05:00.712 INFO [main] org.apache.catalina.startup.HostConfig.deployDirectory Desplegando el directorio [C:\Users\eduardo\OneDrive\Documentos\universidad don bosco\POO 404\Desafio03\Desafio_03\apache-tomcat-10.1.30\webapps\Desafio02_Poo_war] de la aplicación web
15-Oct-2024 00:05:02.334 INFO [main] org.apache.jasper.servlet.TldScanner.scanJars Al menos un JAR, que se ha explorado buscando TLDs, aún no contenía TLDs. Activar historial de depuración para este historiador para una completa lista de los JARs que fueron explorados y de los que nos se halló TLDs. Saltarse JARs no necesarios durante la exploración puede dar lugar a una mejora de tiempo significativa en el arranque y compilación de JSP .
15-Oct-2024 00:05:02.818 WARNING [main] org.glassfish.jersey.server.wadl.WadlFeature.configure JAXBContext implementation could not be found. WADL feature is disabled.
15-Oct-2024 00:05:03.170 INFO [main] org.jboss.weld.bootstrap.WeldStartup.<clinit> WELD-000900: 6.0.0 (Beta1)
15-Oct-2024 00:05:03.333 INFO [main] org.jboss.weld.environment.deployment.discovery.ReflectionDiscoveryStrategy.processAnnotatedDiscovery WELD-ENV-000014: Falling back to Java Reflection for bean-discovery-mode="annotated" discovery. Add org.jboss:jandex to the classpath to speed-up startup.
15-Oct-2024 00:05:03.506 INFO [main] org.jboss.weld.bootstrap.WeldStartup.startContainer WELD-000101: Transactional services not available. Injection of @Inject UserTransaction not available. Transactional observers will be invoked synchronously.
15-Oct-2024 00:05:04.256 INFO [main] org.jboss.weld.environment.se.WeldContainer.fireContainerInitializedEvent WELD-ENV-002003: Weld SE container 1aaefbbf-2931-4dc7-a105-b3cd5b5bc3e3 initialized
15-Oct-2024 00:05:04.442 INFO [main] org.apache.catalina.startup.HostConfig.deployDirectory Deployment of web application directory [C:\Users\eduardo\OneDrive\Documentos\universidad don bosco\POO 404\Desafio03\Desafio_03\apache-tomcat-10.1.30\webapps\Desafio02_Poo_war] has finished in [3.729] ms
15-Oct-2024 00:05:04.442 INFO [main] org.apache.catalina.startup.HostConfig.deployDirectory Desplegando el directorio [C:\Users\eduardo\OneDrive\Documentos\universidad don bosco\POO 404\Desafio03\Desafio_03\apache-tomcat-10.1.30\webapps\Desafio_02_war] de la aplicación web
15-Oct-2024 00:05:04.889 INFO [main] org.apache.jasper.servlet.TldScanner.scanJars Al menos un JAR, que se ha explorado buscando TLDs, aún no contenía TLDs. Activar historial de depuración para este historiador para una completa lista de los JARs que fueron explorados y de los que nos se halló TLDs. Saltarse JARs no necesarios durante la exploración puede dar lugar a una mejora de tiempo significativa en el arranque y compilación de JSP .
15-Oct-2024 00:05:04.893 INFO [main] org.apache.catalina.startup.HostConfig.deployDirectory Deployment of web application directory [C:\Users\eduardo\OneDrive\Documentos\universidad don bosco\POO 404\Desafio03\Desafio_03\apache-tomcat-10.1.30\webapps\Desafio_02_war] has finished in [451] ms
15-Oct-2024 00:05:04.894 INFO [main] org.apache.catalina.startup.HostConfig.deployDirectory Desplegando el directorio [C:\Users\eduardo\OneDrive\Documentos\universidad don bosco\POO 404\Desafio03\Desafio_03\apache-tomcat-10.1.30\webapps\docs] de la aplicación web
15-Oct-2024 00:05:04.929 INFO [main] org.apache.catalina.startup.HostConfig.deployDirectory Deployment of web application directory [C:\Users\eduardo\OneDrive\Documentos\universidad don bosco\POO 404\Desafio03\Desafio_03\apache-tomcat-10.1.30\webapps\docs] has finished in [35] ms
15-Oct-2024 00:05:04.929 INFO [main] org.apache.catalina.startup.HostConfig.deployDirectory Desplegando el directorio [C:\Users\eduardo\OneDrive\Documentos\universidad don bosco\POO 404\Desafio03\Desafio_03\apache-tomcat-10.1.30\webapps\examples] de la aplicación web
15-Oct-2024 00:05:05.374 INFO [main] org.apache.catalina.startup.HostConfig.deployDirectory Deployment of web application directory [C:\Users\eduardo\OneDrive\Documentos\universidad don bosco\POO 404\Desafio03\Desafio_03\apache-tomcat-10.1.30\webapps\examples] has finished in [444] ms
15-Oct-2024 00:05:05.374 INFO [main] org.apache.catalina.startup.HostConfig.deployDirectory Desplegando el directorio [C:\Users\eduardo\OneDrive\Documentos\universidad don bosco\POO 404\Desafio03\Desafio_03\apache-tomcat-10.1.30\webapps\host-manager] de la aplicación web
15-Oct-2024 00:05:05.417 INFO [main] org.apache.catalina.startup.HostConfig.deployDirectory Deployment of web application directory [C:\Users\eduardo\OneDrive\Documentos\universidad don bosco\POO 404\Desafio03\Desafio_03\apache-tomcat-10.1.30\webapps\host-manager] has finished in [43] ms
15-Oct-2024 00:05:05.418 INFO [main] org.apache.catalina.startup.HostConfig.deployDirectory Desplegando el directorio [C:\Users\eduardo\OneDrive\Documentos\universidad don bosco\POO 404\Desafio03\Desafio_03\apache-tomcat-10.1.30\webapps\manager] de la aplicación web
15-Oct-2024 00:05:05.462 INFO [main] org.apache.catalina.startup.HostConfig.deployDirectory Deployment of web application directory [C:\Users\eduardo\OneDrive\Documentos\universidad don bosco\POO 404\Desafio03\Desafio_03\apache-tomcat-10.1.30\webapps\manager] has finished in [43] ms
15-Oct-2024 00:05:05.462 INFO [main] org.apache.catalina.startup.HostConfig.deployDirectory Desplegando el directorio [C:\Users\eduardo\OneDrive\Documentos\universidad don bosco\POO 404\Desafio03\Desafio_03\apache-tomcat-10.1.30\webapps\ROOT] de la aplicación web
15-Oct-2024 00:05:06.254 INFO [main] org.apache.jasper.servlet.TldScanner.scanJars Al menos un JAR, que se ha explorado buscando TLDs, aún no contenía TLDs. Activar historial de depuración para este historiador para una completa lista de los JARs que fueron explorados y de los que nos se halló TLDs. Saltarse JARs no necesarios durante la exploración puede dar lugar a una mejora de tiempo significativa en el arranque y compilación de JSP .
15-Oct-2024 00:05:06.280 INFO [main] org.apache.catalina.startup.HostConfig.deployDirectory Deployment of web application directory [C:\Users\eduardo\OneDrive\Documentos\universidad don bosco\POO 404\Desafio03\Desafio_03\apache-tomcat-10.1.30\webapps\ROOT] has finished in [818] ms
15-Oct-2024 00:05:06.285 INFO [main] org.apache.coyote.AbstractProtocol.start Starting ProtocolHandler ["http-nio-8080"]
15-Oct-2024 00:05:06.302 INFO [main] org.apache.catalina.startup.Catalina.start Server startup in [5633] milliseconds
